// Jest Snapshot v1, https://goo.gl/fbAQLP

exports[`should render ExpensesListItem with fixture data 1`] = `
<div>
  <Link
    replace={false}
    to="/edit/1"
  >
    <h3>
      gum
    </h3>
  </Link>
  <p>
    $123.45
     - 
    Jan 1st, 1970
  </p>
</div>
`;
